# Find from the base objects directory retrieves only the top level.
iquery --find .
./objects
