iquery --ls --format=json objects/table0x0
[
    "row0x1",
    "row0x11",
    "row0x5",
    "row0x9",
    "row0xd"
]
