iquery --ls --format=json --absolute_paths objects/table0x0 > /tmp/t; sed 's/\/\d*\//\/*\//g' /tmp/t;
[
    "/hub/r/test/*/c/iquery_example_component.cmx/*/out/objects/table0x0/row0x1",
    "/hub/r/test/*/c/iquery_example_component.cmx/*/out/objects/table0x0/row0x11",
    "/hub/r/test/*/c/iquery_example_component.cmx/*/out/objects/table0x0/row0x5",
    "/hub/r/test/*/c/iquery_example_component.cmx/*/out/objects/table0x0/row0x9",
    "/hub/r/test/*/c/iquery_example_component.cmx/*/out/objects/table0x0/row0xd"
]
