iquery --ls --format=json --full_paths objects/table0x0
[
    "objects/table0x0/row0x1",
    "objects/table0x0/row0x11",
    "objects/table0x0/row0x5",
    "objects/table0x0/row0x9",
    "objects/table0x0/row0xd"
]
